   Compiling syn v3.0.4
   Compiling crypto-common v0.2.2
   Compiling cpufeatures v0.3.1
   Compiling crypto-common v0.1.7
   Compiling serde_core v1.0.229
   Compiling ff v0.13.1
   Compiling smallvec v1.15.2
   Compiling crypto-bigint v0.5.5
   Compiling keccak v0.2.2
   Compiling digest v0.10.7
   Compiling group v0.13.0
   Compiling cipher v0.4.4
   Compiling digest v0.11.3
   Compiling hmac v0.12.1
   Compiling signature v2.2.0
   Compiling num-traits v0.2.19
   Compiling hkdf v0.12.4
   Compiling universal-hash v0.5.1
   Compiling rfc6979 v0.4.0
   Compiling sha2 v0.10.9
   Compiling elliptic-curve v0.13.8
   Compiling rand v0.10.2
   Compiling ring v0.17.14
   Compiling curve25519-dalek v4.1.3
   Compiling module-lattice v0.2.3
   Compiling shake v0.1.0
   Compiling serde_bytes v0.11.19
   Compiling primeorder v0.13.6
   Compiling ecdsa v0.16.9
   Compiling parking_lot_core v0.9.12
   Compiling polyval v0.6.2
   Compiling rand_chacha v0.3.1
   Compiling sha3 v0.11.0
   Compiling kem v0.3.0
   Compiling aead v0.5.2
   Compiling percent-encoding v2.3.2
   Compiling p384 v0.13.1
   Compiling p256 v0.13.2
   Compiling rustls-webpki v0.102.8
   Compiling parking_lot v0.12.5
   Compiling form_urlencoded v1.2.2
   Compiling ml-kem v0.3.2
   Compiling ghash v0.5.1
   Compiling rustls v0.22.4
   Compiling libcrux-traits v0.0.8
   Compiling hpke-rs-crypto v0.7.0
   Compiling poly1305 v0.8.0
   Compiling sha3 v0.12.0
   Compiling ed25519 v2.2.3
   Compiling hmac v0.13.0
   Compiling signature v3.0.0
   Compiling ctr v0.9.2
   Compiling chacha20 v0.9.1
   Compiling zerovec-derive v0.11.6
   Compiling displaydoc v0.2.7
   Compiling serde_derive v1.0.229
   Compiling thiserror-impl v2.0.20
   Compiling tokio-macros v2.7.2
   Compiling aes v0.8.4
   Compiling libcrux-platform v0.0.3
   Compiling memchr v2.8.3
   Compiling aes-gcm v0.10.3
   Compiling serde_json v1.0.151
   Compiling libcrux-sha3 v0.0.10
   Compiling tokio v1.53.1
   Compiling zerotrie v0.2.5
   Compiling zerovec v0.11.8
   Compiling thiserror v2.0.20
   Compiling tinystr v0.8.4
   Compiling potential_utf v0.1.6
   Compiling chacha20poly1305 v0.10.1
   Compiling icu_collections v2.3.0
   Compiling icu_locale_core v2.3.0
   Compiling ed25519-dalek v2.2.0
   Compiling ml-dsa v0.1.1
   Compiling x-wing v0.1.0
   Compiling hkdf v0.13.0
   Compiling futures-macro v0.3.34
   Compiling rand v0.8.8
   Compiling icu_provider v2.3.1
   Compiling serde v1.0.229
   Compiling x25519-dalek v2.0.1
   Compiling k256 v0.13.4
   Compiling icu_normalizer v2.3.0
   Compiling icu_properties v2.3.0
   Compiling sha2 v0.11.0
   Compiling sha1 v0.10.7
   Compiling tls_codec v0.5.0
   Compiling futures-sink v0.3.34
   Compiling slab v0.4.12
   Compiling futures-core v0.3.34
   Compiling tracing-core v0.1.36
   Compiling hpke-rs-rust-crypto v0.7.0
   Compiling openmls_serialization_helpers v0.1.0
   Compiling futures-util v0.3.34
   Compiling async-trait v0.1.92
   Compiling idna_adapter v1.2.2
   Compiling openmls_traits v0.6.0
   Compiling tokio-rustls v0.25.0
   Compiling idna v1.1.0
   Compiling openmls_memory_storage v0.6.0
   Compiling hpke-rs v0.7.0
   Compiling url v2.5.8
   Compiling openmls v0.9.0
   Compiling openmls_rust_crypto v0.6.0
   Compiling openmls_basic_credential v0.6.0
   Compiling tracing v0.1.44
   Compiling tungstenite v0.21.0
   Compiling tokio-tungstenite v0.21.0
   Compiling kizuna-voice v0.1.0 (/root/kizunalink/kizuna-voice)
warning: unused import: `MissedTickBehavior`
 --> kizuna-voice/src/audio/scheduler.rs:7:29
  |
7 | use tokio::time::{interval, MissedTickBehavior};
  |                             ^^^^^^^^^^^^^^^^^^
  |
  = note: `#[warn(unused_imports)]` (part of `#[warn(unused)]`) on by default

warning: unused imports: `DaveClientMessage` and `DaveGatewayMessage`
 --> kizuna-voice/src/connection/manager.rs:2:29
  |
2 | use crate::dave::protocol::{DaveClientMessage, DaveGatewayMessage, DaveSe...
  |                             ^^^^^^^^^^^^^^^^^  ^^^^^^^^^^^^^^^^^^

warning: unused import: `crate::gateway::payload::SessionDescription`
 --> kizuna-voice/src/connection/manager.rs:4:5
  |
4 | use crate::gateway::payload::SessionDescription;
  |     ^^^^^^^^^^^^^^^^^^^^^^^^^^^^^^^^^^^^^^^^^^^

warning: unused import: `std::time::Duration`
 --> kizuna-voice/src/gateway/connection.rs:3:5
  |
3 | use std::time::Duration;
  |     ^^^^^^^^^^^^^^^^^^^

warning: unused import: `tokio::sync::mpsc`
 --> kizuna-voice/src/gateway/connection.rs:5:5
  |
5 | use tokio::sync::mpsc;
  |     ^^^^^^^^^^^^^^^^^

warning: unused import: `tokio::time`
 --> kizuna-voice/src/gateway/connection.rs:6:5
  |
6 | use tokio::time;
  |     ^^^^^^^^^^^

warning: unused imports: `error` and `warn`
  --> kizuna-voice/src/gateway/connection.rs:10:22
   |
10 | use tracing::{debug, error, info, warn};
   |                      ^^^^^        ^^^^

warning: unused import: `Value`
 --> kizuna-voice/src/test_harness/fake_gateway.rs:2:24
  |
2 | use serde_json::{json, Value};
  |                        ^^^^^
  |
help: if this is a test module, consider adding a `#[cfg(test)]` to the containing module
 --> kizuna-voice/src/test_harness/mod.rs:1:1
  |
1 | pub mod fake_gateway;
  | ^^^^^^^^^^^^^^^^^^^^^

warning: value assigned to `state` is never read
  --> kizuna-voice/src/audio/scheduler.rs:62:29
   |
62 | ...                   state = TrackState::Stopped;
   |                       ^^^^^^^^^^^^^^^^^^^^^^^^^^^
   |
   = help: maybe it is overwritten before being read?
   = note: `#[warn(unused_assignments)]` (part of `#[warn(unused)]`) on by default

warning: value assigned to `state` is never read
   --> kizuna-voice/src/audio/scheduler.rs:113:33
    |
113 | ...                   state = TrackState::Ended;
    |                       ^^^^^^^^^^^^^^^^^^^^^^^^^
    |
    = help: maybe it is overwritten before being read?

warning: value assigned to `ready_data` is never read
   --> kizuna-voice/src/connection/manager.rs:295:30
    |
295 |         let mut ready_data = None;
    |                              ^^^^ this value is reassigned later and never used
...
303 |                     ready_data = Some(ready);
    |                     ---------- `ready_data` is overwritten here before the previous value is read

warning: constant `FRAME_HEADER_SIZE` is never used
  --> kizuna-voice/src/dave/protocol.rs:52:7
   |
52 | const FRAME_HEADER_SIZE: usize = 6;
   |       ^^^^^^^^^^^^^^^^^
   |
   = note: `#[warn(dead_code)]` (part of `#[warn(unused)]`) on by default

warning: constant `FRAME_NONCE_SIZE` is never used
  --> kizuna-voice/src/dave/protocol.rs:53:7
   |
53 | const FRAME_NONCE_SIZE: usize = 12;
   |       ^^^^^^^^^^^^^^^^

warning: unused import: `super::*`
 --> kizuna-voice/src/dave/mod.rs:5:9
  |
5 |     use super::*;
  |         ^^^^^^^^

warning: unused import: `Value`
 --> kizuna-voice/src/test_harness/fake_gateway.rs:2:24
  |
2 | use serde_json::{json, Value};
  |                        ^^^^^

warning: `kizuna-voice` (lib) generated 13 warnings (run `cargo fix --lib -p kizuna-voice` to apply 8 suggestions)
warning: variable does not need to be mutable
  --> kizuna-voice/tests/reconnect_test.rs:40:9
   |
40 |     let mut rx = manager.state_receiver();
   |         ----^^
   |         |
   |         help: remove this `mut`
   |
   = note: `#[warn(unused_mut)]` (part of `#[warn(unused)]`) on by default

warning: variable does not need to be mutable
  --> kizuna-voice/tests/reconnect_test.rs:76:9
   |
76 |     let mut config = GatewaySessionConfig {
   |         ----^^^^^^
   |         |
   |         help: remove this `mut`

warning: variable does not need to be mutable
  --> kizuna-voice/tests/reconnect_test.rs:82:9
   |
82 |     let mut fake_gw = FakeVoiceGateway::start(config.clone()).await.expe...
   |         ----^^^^^^^
   |         |
   |         help: remove this `mut`

warning: variable does not need to be mutable
   --> kizuna-voice/tests/reconnect_test.rs:111:9
    |
111 |     let mut rx = manager.state_receiver();
    |         ----^^
    |         |
    |         help: remove this `mut`

warning: `kizuna-voice` (lib test) generated 14 warnings (12 duplicates) (run `cargo fix --lib -p kizuna-voice --tests` to apply 2 suggestions)
warning: unused import: `kizuna_voice::transport::VoiceUdp`
 --> kizuna-voice/tests/discord_e2e_test.rs:3:5
  |
3 | use kizuna_voice::transport::VoiceUdp;
  |     ^^^^^^^^^^^^^^^^^^^^^^^^^^^^^^^^^
  |
  = note: `#[warn(unused_imports)]` (part of `#[warn(unused)]`) on by default

warning: unused import: `std::sync::Arc`
 --> kizuna-voice/tests/discord_e2e_test.rs:5:5
  |
5 | use std::sync::Arc;
  |     ^^^^^^^^^^^^^^

warning: unused import: `tokio::sync::Mutex`
 --> kizuna-voice/tests/discord_e2e_test.rs:6:5
  |
6 | use tokio::sync::Mutex;
  |     ^^^^^^^^^^^^^^^^^^





thread 'rustc' (16933) panicked at /rustc/88d9e12ae178fab0fb5cc050a94da85685d449ea/library/std/src/process.rs:2487:21:
called `Result::unwrap()` on an `Err` value: Os { code: 38, kind: Unsupported, message: "Function not implemented" }
stack backtrace:
The futex facility returned an unexpected error code.
error: could not compile `kizuna-voice` (test "track_test")

Caused by:
The futex facility returned an unexpected error code.
